001-para
003-para
004-para
005-para
003-para
004-para
005-para
002-para
