Hans      Dirk      Flaechsig 
Dirk      Flaechsig Hans      
