IN PARA-A
IN PARA-C
IN PARA-D
IN PARA-E
IN PARA-F
IN PARA-G
