01000Tim                      10 
End of Records
