NO OVERFLOW ERROR
SECOND LINE (NO ERROR)
HELLO WORLD
