00001
          
Max       
00001##Max#Muster        
