00001
Max       
Muster    
00001#Max#Muster         
