OVERFLOW
          
          
00001#Max#Muster         #
