NO OVERFLOW
00001
Max  
Muster 
00001Max  Muster #
