00001
Max        ; 3
Muster    
00001#Max;Muster         #
