HELLO     A    ENDE #
HELLO     B    ENDE #
HELLO     C    ENDE #
