Hello     World     12345abcde12
12345
abcde12
Hello     
World     
12345
abcde
12
