Hello     World     12345
Hello     
World     
12345
