ACTUAL DATA IN WS-NAME : HANS FLAECHSIG 
ACTUAL DATA IN WS-TOTAL-NAME: HANS FLAECHSIG 
