ACTUAL DATA IN WS-DATA-A : MAINFRAMESTECHHELP  
ACTUAL DATA IN WS-DATA-B : MAINFRAMESTECHHELP  
ACTUAL DATA IN WS-DATA-A : THE MAINFRAMESTECHHE
ACTUAL DATA IN WS-DATA-B : THE MAINFRAMESTECHHE
