WS-NUM1 : +000.00
WS-NUM3 : -123.45
WS-NAME : ABCDEF
WS-ID : A121$
