00001Hans                     
00002Franz                    
End of Records
